../Core/Src/display_led.c:14:6:clear_all_led	8	static
../Core/Src/display_led.c:22:6:display_test_led	8	static
../Core/Src/display_led.c:26:6:clear_test_led	8	static
../Core/Src/display_led.c:30:6:blink_led	16	static
../Core/Src/display_led.c:48:6:display_blinky_led	16	static
../Core/Src/display_led.c:56:6:update_time_buffer	16	static
../Core/Src/display_led.c:61:6:display_7_seg	16	static
../Core/Src/display_led.c:118:6:enable_7_seg	16	static
../Core/Src/display_led.c:143:6:display_traffic_led	16	static
../Core/Src/display_led.c:192:6:display_light	16	static
../Core/Src/display_led.c:235:6:display_time_7seg	8	static
